// Jest Snapshot v1, https://goo.gl/fbAQLP

exports[`City page test City page renders correctly 1`] = `
Object {
  "asFragment": [Function],
  "baseElement": <body>
    <div>
      <section
        class="text-white relative p-3 text-center md:max-w-xl md:mx-auto"
      >
        <h2
          class="text-4xl font-bold"
        >
          Lagos
        </h2>
        <p
          class="text-xs"
        >
          <span
            class="continent"
          >
            Africa
          </span>
           | 
          <span
            class="country"
          >
            Nigeria
          </span>
        </p>
        <p
          class="text-xs font-bold"
        >
          Mon, 10 10 2022 | Local time: 01:34 AM
        </p>
        <div
          class="flex justify-between items-center"
        >
          <div
            class="flex flex-col items-center"
          >
            <img
              alt="Weather Icon"
              src="http://openweathermap.org/img/wn/10d@2x.png"
            />
            <p
              class="temperature font-bold text-2xl"
            >
              29.3
              째C
            </p>
          </div>
          <div
            class="flex flex-col gap-2 text-right text-[0.9rem] font-bold"
          >
            <p>
              <svg
                aria-hidden="true"
                class="svg-inline--fa fa-temperature-low "
                data-icon="temperature-low"
                data-prefix="fas"
                focusable="false"
                role="img"
                viewBox="0 0 512 512"
                xmlns="http://www.w3.org/2000/svg"
              >
                <path
                  d="M448 96c0-17.7-14.3-32-32-32s-32 14.3-32 32s14.3 32 32 32s32-14.3 32-32zm64 0c0 53-43 96-96 96s-96-43-96-96s43-96 96-96s96 43 96 96zM144 64c-26.5 0-48 21.5-48 48V276.5c0 17.3-7.1 31.9-15.3 42.5C70.2 332.6 64 349.5 64 368c0 44.2 35.8 80 80 80s80-35.8 80-80c0-18.5-6.2-35.4-16.7-48.9c-8.2-10.6-15.3-25.2-15.3-42.5V112c0-26.5-21.5-48-48-48zM32 112C32 50.2 82.1 0 144 0s112 50.1 112 112V276.5c0 .1 .1 .3 .2 .6c.2 .6 .8 1.6 1.7 2.8c18.9 24.4 30.1 55 30.1 88.1c0 79.5-64.5 144-144 144S0 447.5 0 368c0-33.2 11.2-63.8 30.1-88.1c.9-1.2 1.5-2.2 1.7-2.8c.1-.3 .2-.5 .2-.6V112zM192 368c0 26.5-21.5 48-48 48s-48-21.5-48-48c0-20.9 13.4-38.7 32-45.3V272c0-8.8 7.2-16 16-16s16 7.2 16 16v50.7c18.6 6.6 32 24.4 32 45.3z"
                  fill="currentColor"
                />
              </svg>
               Real Feel 
              36.3
               째C
            </p>
            <p>
              <svg
                aria-hidden="true"
                class="svg-inline--fa fa-droplet "
                data-icon="droplet"
                data-prefix="fas"
                focusable="false"
                role="img"
                viewBox="0 0 384 512"
                xmlns="http://www.w3.org/2000/svg"
              >
                <path
                  d="M192 496c97.2 0 176-78.8 176-176c0-74.1-102.3-230.6-150.9-300.7c-12.3-17.7-37.8-17.7-50.1 0C118.3 89.4 16 245.9 16 320c0 97.2 78.8 176 176 176zM112 320c0 44.2 35.8 80 80 80c8.8 0 16 7.2 16 16s-7.2 16-16 16c-61.9 0-112-50.1-112-112c0-8.8 7.2-16 16-16s16 7.2 16 16z"
                  fill="currentColor"
                />
              </svg>
               Humidity 
              86
               %
            </p>
            <p>
              <svg
                aria-hidden="true"
                class="svg-inline--fa fa-wind "
                data-icon="wind"
                data-prefix="fas"
                focusable="false"
                role="img"
                viewBox="0 0 512 512"
                xmlns="http://www.w3.org/2000/svg"
              >
                <path
                  d="M288 32c0 17.7 14.3 32 32 32h32c17.7 0 32 14.3 32 32s-14.3 32-32 32H32c-17.7 0-32 14.3-32 32s14.3 32 32 32H352c53 0 96-43 96-96s-43-96-96-96H320c-17.7 0-32 14.3-32 32zm64 352c0 17.7 14.3 32 32 32h32c53 0 96-43 96-96s-43-96-96-96H32c-17.7 0-32 14.3-32 32s14.3 32 32 32H416c17.7 0 32 14.3 32 32s-14.3 32-32 32H384c-17.7 0-32 14.3-32 32zM128 512h32c53 0 96-43 96-96s-43-96-96-96H32c-17.7 0-32 14.3-32 32s14.3 32 32 32H160c17.7 0 32 14.3 32 32s-14.3 32-32 32H128c-17.7 0-32 14.3-32 32s14.3 32 32 32z"
                  fill="currentColor"
                />
              </svg>
               Wind speed 
              2.2
               m/s
            </p>
          </div>
        </div>
      </section>
      <div
        class="text-white bg-strip-blue p-1"
      >
        <p
          class="text-xs font-bold md:text-center"
        >
          MORE WEATHER INFORMATION
        </p>
      </div>
      <section
        class="text-white grid grid-cols-2 overflow-y-auto md:max-w-xl md:mx-auto"
      >
        <div
          class="py-5 px-3 flex flex-col justify-center"
        >
          <h3
            class="text-center font-bold"
          >
            Sun
          </h3>
          <p
            class="text-left text-[0.8rem] font-bold pt-2 pb-0.5"
          >
            <svg
              aria-hidden="true"
              class="svg-inline--fa fa-sun "
              data-icon="sun"
              data-prefix="fas"
              focusable="false"
              role="img"
              viewBox="0 0 512 512"
              xmlns="http://www.w3.org/2000/svg"
            >
              <path
                d="M361.5 1.2c5 2.1 8.6 6.6 9.6 11.9L391 121l107.9 19.8c5.3 1 9.8 4.6 11.9 9.6s1.5 10.7-1.6 15.2L446.9 256l62.3 90.3c3.1 4.5 3.7 10.2 1.6 15.2s-6.6 8.6-11.9 9.6L391 391 371.1 498.9c-1 5.3-4.6 9.8-9.6 11.9s-10.7 1.5-15.2-1.6L256 446.9l-90.3 62.3c-4.5 3.1-10.2 3.7-15.2 1.6s-8.6-6.6-9.6-11.9L121 391 13.1 371.1c-5.3-1-9.8-4.6-11.9-9.6s-1.5-10.7 1.6-15.2L65.1 256 2.8 165.7c-3.1-4.5-3.7-10.2-1.6-15.2s6.6-8.6 11.9-9.6L121 121 140.9 13.1c1-5.3 4.6-9.8 9.6-11.9s10.7-1.5 15.2 1.6L256 65.1 346.3 2.8c4.5-3.1 10.2-3.7 15.2-1.6zM352 256c0 53-43 96-96 96s-96-43-96-96s43-96 96-96s96 43 96 96zm32 0c0-70.7-57.3-128-128-128s-128 57.3-128 128s57.3 128 128 128s128-57.3 128-128z"
                fill="currentColor"
              />
            </svg>
             Sunrise 
            05:31 PM
          </p>
          <p
            class="text-left text-[0.8rem] font-bold pt-2 pb-0.5"
          >
            <svg
              aria-hidden="true"
              class="svg-inline--fa fa-moon "
              data-icon="moon"
              data-prefix="fas"
              focusable="false"
              role="img"
              viewBox="0 0 384 512"
              xmlns="http://www.w3.org/2000/svg"
            >
              <path
                d="M223.5 32C100 32 0 132.3 0 256S100 480 223.5 480c60.6 0 115.5-24.2 155.8-63.4c5-4.9 6.3-12.5 3.1-18.7s-10.1-9.7-17-8.5c-9.8 1.7-19.8 2.6-30.1 2.6c-96.9 0-175.5-78.8-175.5-176c0-65.8 36-123.1 89.3-153.3c6.1-3.5 9.2-10.5 7.7-17.3s-7.3-11.9-14.3-12.5c-6.3-.5-12.6-.8-19-.8z"
                fill="currentColor"
              />
            </svg>
             Sunset 
            05:33 AM
          </p>
        </div>
        <div
          class="py-5 px-3 flex flex-col justify-center bg-dark-blue"
        >
          <h3
            class="text-center font-bold"
          >
            Temperature
          </h3>
          <p
            class="text-left text-[0.8rem] font-bold pt-2 pb-0.5"
          >
            <svg
              aria-hidden="true"
              class="svg-inline--fa fa-temperature-low "
              data-icon="temperature-low"
              data-prefix="fas"
              focusable="false"
              role="img"
              viewBox="0 0 512 512"
              xmlns="http://www.w3.org/2000/svg"
            >
              <path
                d="M448 96c0-17.7-14.3-32-32-32s-32 14.3-32 32s14.3 32 32 32s32-14.3 32-32zm64 0c0 53-43 96-96 96s-96-43-96-96s43-96 96-96s96 43 96 96zM144 64c-26.5 0-48 21.5-48 48V276.5c0 17.3-7.1 31.9-15.3 42.5C70.2 332.6 64 349.5 64 368c0 44.2 35.8 80 80 80s80-35.8 80-80c0-18.5-6.2-35.4-16.7-48.9c-8.2-10.6-15.3-25.2-15.3-42.5V112c0-26.5-21.5-48-48-48zM32 112C32 50.2 82.1 0 144 0s112 50.1 112 112V276.5c0 .1 .1 .3 .2 .6c.2 .6 .8 1.6 1.7 2.8c18.9 24.4 30.1 55 30.1 88.1c0 79.5-64.5 144-144 144S0 447.5 0 368c0-33.2 11.2-63.8 30.1-88.1c.9-1.2 1.5-2.2 1.7-2.8c.1-.3 .2-.5 .2-.6V112zM192 368c0 26.5-21.5 48-48 48s-48-21.5-48-48c0-20.9 13.4-38.7 32-45.3V272c0-8.8 7.2-16 16-16s16 7.2 16 16v50.7c18.6 6.6 32 24.4 32 45.3z"
                fill="currentColor"
              />
            </svg>
             Min Temp 
            29.3
             째C
          </p>
          <p
            class="text-left text-[0.8rem] font-bold pt-2 pb-0.5"
          >
            <svg
              aria-hidden="true"
              class="svg-inline--fa fa-temperature-high "
              data-icon="temperature-high"
              data-prefix="fas"
              focusable="false"
              role="img"
              viewBox="0 0 512 512"
              xmlns="http://www.w3.org/2000/svg"
            >
              <path
                d="M416 128c-17.7 0-32-14.3-32-32s14.3-32 32-32s32 14.3 32 32s-14.3 32-32 32zm0 64c53 0 96-43 96-96s-43-96-96-96s-96 43-96 96s43 96 96 96zM96 112c0-26.5 21.5-48 48-48s48 21.5 48 48V276.5c0 17.3 7.1 31.9 15.3 42.5C217.8 332.6 224 349.5 224 368c0 44.2-35.8 80-80 80s-80-35.8-80-80c0-18.5 6.2-35.4 16.7-48.9C88.9 308.4 96 293.8 96 276.5V112zM144 0C82.1 0 32 50.2 32 112V276.5c0 .1-.1 .3-.2 .6c-.2 .6-.8 1.6-1.7 2.8C11.2 304.2 0 334.8 0 368c0 79.5 64.5 144 144 144s144-64.5 144-144c0-33.2-11.3-63.8-30.1-88.1c-.9-1.2-1.5-2.2-1.7-2.8c-.1-.3-.2-.5-.2-.6V112C256 50.2 205.9 0 144 0zm0 416c26.5 0 48-21.5 48-48c0-20.9-13.4-38.7-32-45.3V112c0-8.8-7.2-16-16-16s-16 7.2-16 16V322.7c-18.6 6.6-32 24.4-32 45.3c0 26.5 21.5 48 48 48z"
                fill="currentColor"
              />
            </svg>
             Max Temp 
            29.3
             째C
          </p>
        </div>
        <div
          class="py-5 px-3 flex flex-col justify-center bg-dark-blue"
        >
          <h3
            class="text-center font-bold"
          >
            Wind
          </h3>
          <p
            class="text-left text-[0.8rem] font-bold pt-2 pb-0.5"
          >
            <svg
              aria-hidden="true"
              class="svg-inline--fa fa-compass "
              data-icon="compass"
              data-prefix="fas"
              focusable="false"
              role="img"
              viewBox="0 0 512 512"
              xmlns="http://www.w3.org/2000/svg"
            >
              <path
                d="M256 512c141.4 0 256-114.6 256-256S397.4 0 256 0S0 114.6 0 256S114.6 512 256 512zm50.7-186.9L162.4 380.6c-19.4 7.5-38.5-11.6-31-31l55.5-144.3c3.3-8.5 9.9-15.1 18.4-18.4l144.3-55.5c19.4-7.5 38.5 11.6 31 31L325.1 306.7c-3.2 8.5-9.9 15.1-18.4 18.4zM288 256c0-17.7-14.3-32-32-32s-32 14.3-32 32s14.3 32 32 32s32-14.3 32-32z"
                fill="currentColor"
              />
            </svg>
             Direction 
            -66
            째
          </p>
          <p
            class="text-left text-[0.8rem] font-bold pt-2 pb-0.5"
          >
            <svg
              aria-hidden="true"
              class="svg-inline--fa fa-wind "
              data-icon="wind"
              data-prefix="fas"
              focusable="false"
              role="img"
              viewBox="0 0 512 512"
              xmlns="http://www.w3.org/2000/svg"
            >
              <path
                d="M288 32c0 17.7 14.3 32 32 32h32c17.7 0 32 14.3 32 32s-14.3 32-32 32H32c-17.7 0-32 14.3-32 32s14.3 32 32 32H352c53 0 96-43 96-96s-43-96-96-96H320c-17.7 0-32 14.3-32 32zm64 352c0 17.7 14.3 32 32 32h32c53 0 96-43 96-96s-43-96-96-96H32c-17.7 0-32 14.3-32 32s14.3 32 32 32H416c17.7 0 32 14.3 32 32s-14.3 32-32 32H384c-17.7 0-32 14.3-32 32zM128 512h32c53 0 96-43 96-96s-43-96-96-96H32c-17.7 0-32 14.3-32 32s14.3 32 32 32H160c17.7 0 32 14.3 32 32s-14.3 32-32 32H128c-17.7 0-32 14.3-32 32s14.3 32 32 32z"
                fill="currentColor"
              />
            </svg>
             Gust 
            3.81
             m/s
          </p>
        </div>
        <div
          class="py-5 px-3 flex flex-col justify-center"
        >
          <h3
            class="text-center font-bold"
          >
            Others
          </h3>
          <p
            class="text-left text-[0.8rem] font-bold pt-2 pb-0.5"
          >
            <svg
              aria-hidden="true"
              class="svg-inline--fa fa-eye-slash "
              data-icon="eye-slash"
              data-prefix="fas"
              focusable="false"
              role="img"
              viewBox="0 0 640 512"
              xmlns="http://www.w3.org/2000/svg"
            >
              <path
                d="M38.8 5.1C28.4-3.1 13.3-1.2 5.1 9.2S-1.2 34.7 9.2 42.9l592 464c10.4 8.2 25.5 6.3 33.7-4.1s6.3-25.5-4.1-33.7L525.6 386.7c39.6-40.6 66.4-86.1 79.9-118.4c3.3-7.9 3.3-16.7 0-24.6c-14.9-35.7-46.2-87.7-93-131.1C465.5 68.8 400.8 32 320 32c-68.2 0-125 26.3-169.3 60.8L38.8 5.1zM223.1 149.5C248.6 126.2 282.7 112 320 112c79.5 0 144 64.5 144 144c0 24.9-6.3 48.3-17.4 68.7L408 294.5c5.2-11.8 8-24.8 8-38.5c0-53-43-96-96-96c-2.8 0-5.6 .1-8.4 .4c5.3 9.3 8.4 20.1 8.4 31.6c0 10.2-2.4 19.8-6.6 28.3l-90.3-70.8zm223.1 298L373 389.9c-16.4 6.5-34.3 10.1-53 10.1c-79.5 0-144-64.5-144-144c0-6.9 .5-13.6 1.4-20.2L83.1 161.5C60.3 191.2 44 220.8 34.5 243.7c-3.3 7.9-3.3 16.7 0 24.6c14.9 35.7 46.2 87.7 93 131.1C174.5 443.2 239.2 480 320 480c47.8 0 89.9-12.9 126.2-32.5z"
                fill="currentColor"
              />
            </svg>
             Visibility 
            10
             km
          </p>
          <p
            class="text-left text-[0.8rem] font-bold pt-2 pb-0.5"
          >
            <svg
              aria-hidden="true"
              class="svg-inline--fa fa-smog "
              data-icon="smog"
              data-prefix="fas"
              focusable="false"
              role="img"
              viewBox="0 0 640 512"
              xmlns="http://www.w3.org/2000/svg"
            >
              <path
                d="M32 144c0 79.5 64.5 144 144 144H299.3c22.6 19.9 52.2 32 84.7 32s62.1-12.1 84.7-32H496c61.9 0 112-50.1 112-112s-50.1-112-112-112c-10.7 0-21 1.5-30.8 4.3C443.8 27.7 401.1 0 352 0c-32.6 0-62.4 12.2-85.1 32.3C242.1 12.1 210.5 0 176 0C96.5 0 32 64.5 32 144zM616 368H280c-13.3 0-24 10.7-24 24s10.7 24 24 24H616c13.3 0 24-10.7 24-24s-10.7-24-24-24zm-64 96H440c-13.3 0-24 10.7-24 24s10.7 24 24 24H552c13.3 0 24-10.7 24-24s-10.7-24-24-24zm-192 0H24c-13.3 0-24 10.7-24 24s10.7 24 24 24H360c13.3 0 24-10.7 24-24s-10.7-24-24-24zM224 392c0-13.3-10.7-24-24-24H96c-13.3 0-24 10.7-24 24s10.7 24 24 24H200c13.3 0 24-10.7 24-24z"
                fill="currentColor"
              />
            </svg>
             Pressure 
            14.6
             Psi
          </p>
        </div>
      </section>
    </div>
  </body>,
  "container": <div>
    <section
      class="text-white relative p-3 text-center md:max-w-xl md:mx-auto"
    >
      <h2
        class="text-4xl font-bold"
      >
        Lagos
      </h2>
      <p
        class="text-xs"
      >
        <span
          class="continent"
        >
          Africa
        </span>
         | 
        <span
          class="country"
        >
          Nigeria
        </span>
      </p>
      <p
        class="text-xs font-bold"
      >
        Mon, 10 10 2022 | Local time: 01:34 AM
      </p>
      <div
        class="flex justify-between items-center"
      >
        <div
          class="flex flex-col items-center"
        >
          <img
            alt="Weather Icon"
            src="http://openweathermap.org/img/wn/10d@2x.png"
          />
          <p
            class="temperature font-bold text-2xl"
          >
            29.3
            째C
          </p>
        </div>
        <div
          class="flex flex-col gap-2 text-right text-[0.9rem] font-bold"
        >
          <p>
            <svg
              aria-hidden="true"
              class="svg-inline--fa fa-temperature-low "
              data-icon="temperature-low"
              data-prefix="fas"
              focusable="false"
              role="img"
              viewBox="0 0 512 512"
              xmlns="http://www.w3.org/2000/svg"
            >
              <path
                d="M448 96c0-17.7-14.3-32-32-32s-32 14.3-32 32s14.3 32 32 32s32-14.3 32-32zm64 0c0 53-43 96-96 96s-96-43-96-96s43-96 96-96s96 43 96 96zM144 64c-26.5 0-48 21.5-48 48V276.5c0 17.3-7.1 31.9-15.3 42.5C70.2 332.6 64 349.5 64 368c0 44.2 35.8 80 80 80s80-35.8 80-80c0-18.5-6.2-35.4-16.7-48.9c-8.2-10.6-15.3-25.2-15.3-42.5V112c0-26.5-21.5-48-48-48zM32 112C32 50.2 82.1 0 144 0s112 50.1 112 112V276.5c0 .1 .1 .3 .2 .6c.2 .6 .8 1.6 1.7 2.8c18.9 24.4 30.1 55 30.1 88.1c0 79.5-64.5 144-144 144S0 447.5 0 368c0-33.2 11.2-63.8 30.1-88.1c.9-1.2 1.5-2.2 1.7-2.8c.1-.3 .2-.5 .2-.6V112zM192 368c0 26.5-21.5 48-48 48s-48-21.5-48-48c0-20.9 13.4-38.7 32-45.3V272c0-8.8 7.2-16 16-16s16 7.2 16 16v50.7c18.6 6.6 32 24.4 32 45.3z"
                fill="currentColor"
              />
            </svg>
             Real Feel 
            36.3
             째C
          </p>
          <p>
            <svg
              aria-hidden="true"
              class="svg-inline--fa fa-droplet "
              data-icon="droplet"
              data-prefix="fas"
              focusable="false"
              role="img"
              viewBox="0 0 384 512"
              xmlns="http://www.w3.org/2000/svg"
            >
              <path
                d="M192 496c97.2 0 176-78.8 176-176c0-74.1-102.3-230.6-150.9-300.7c-12.3-17.7-37.8-17.7-50.1 0C118.3 89.4 16 245.9 16 320c0 97.2 78.8 176 176 176zM112 320c0 44.2 35.8 80 80 80c8.8 0 16 7.2 16 16s-7.2 16-16 16c-61.9 0-112-50.1-112-112c0-8.8 7.2-16 16-16s16 7.2 16 16z"
                fill="currentColor"
              />
            </svg>
             Humidity 
            86
             %
          </p>
          <p>
            <svg
              aria-hidden="true"
              class="svg-inline--fa fa-wind "
              data-icon="wind"
              data-prefix="fas"
              focusable="false"
              role="img"
              viewBox="0 0 512 512"
              xmlns="http://www.w3.org/2000/svg"
            >
              <path
                d="M288 32c0 17.7 14.3 32 32 32h32c17.7 0 32 14.3 32 32s-14.3 32-32 32H32c-17.7 0-32 14.3-32 32s14.3 32 32 32H352c53 0 96-43 96-96s-43-96-96-96H320c-17.7 0-32 14.3-32 32zm64 352c0 17.7 14.3 32 32 32h32c53 0 96-43 96-96s-43-96-96-96H32c-17.7 0-32 14.3-32 32s14.3 32 32 32H416c17.7 0 32 14.3 32 32s-14.3 32-32 32H384c-17.7 0-32 14.3-32 32zM128 512h32c53 0 96-43 96-96s-43-96-96-96H32c-17.7 0-32 14.3-32 32s14.3 32 32 32H160c17.7 0 32 14.3 32 32s-14.3 32-32 32H128c-17.7 0-32 14.3-32 32s14.3 32 32 32z"
                fill="currentColor"
              />
            </svg>
             Wind speed 
            2.2
             m/s
          </p>
        </div>
      </div>
    </section>
    <div
      class="text-white bg-strip-blue p-1"
    >
      <p
        class="text-xs font-bold md:text-center"
      >
        MORE WEATHER INFORMATION
      </p>
    </div>
    <section
      class="text-white grid grid-cols-2 overflow-y-auto md:max-w-xl md:mx-auto"
    >
      <div
        class="py-5 px-3 flex flex-col justify-center"
      >
        <h3
          class="text-center font-bold"
        >
          Sun
        </h3>
        <p
          class="text-left text-[0.8rem] font-bold pt-2 pb-0.5"
        >
          <svg
            aria-hidden="true"
            class="svg-inline--fa fa-sun "
            data-icon="sun"
            data-prefix="fas"
            focusable="false"
            role="img"
            viewBox="0 0 512 512"
            xmlns="http://www.w3.org/2000/svg"
          >
            <path
              d="M361.5 1.2c5 2.1 8.6 6.6 9.6 11.9L391 121l107.9 19.8c5.3 1 9.8 4.6 11.9 9.6s1.5 10.7-1.6 15.2L446.9 256l62.3 90.3c3.1 4.5 3.7 10.2 1.6 15.2s-6.6 8.6-11.9 9.6L391 391 371.1 498.9c-1 5.3-4.6 9.8-9.6 11.9s-10.7 1.5-15.2-1.6L256 446.9l-90.3 62.3c-4.5 3.1-10.2 3.7-15.2 1.6s-8.6-6.6-9.6-11.9L121 391 13.1 371.1c-5.3-1-9.8-4.6-11.9-9.6s-1.5-10.7 1.6-15.2L65.1 256 2.8 165.7c-3.1-4.5-3.7-10.2-1.6-15.2s6.6-8.6 11.9-9.6L121 121 140.9 13.1c1-5.3 4.6-9.8 9.6-11.9s10.7-1.5 15.2 1.6L256 65.1 346.3 2.8c4.5-3.1 10.2-3.7 15.2-1.6zM352 256c0 53-43 96-96 96s-96-43-96-96s43-96 96-96s96 43 96 96zm32 0c0-70.7-57.3-128-128-128s-128 57.3-128 128s57.3 128 128 128s128-57.3 128-128z"
              fill="currentColor"
            />
          </svg>
           Sunrise 
          05:31 PM
        </p>
        <p
          class="text-left text-[0.8rem] font-bold pt-2 pb-0.5"
        >
          <svg
            aria-hidden="true"
            class="svg-inline--fa fa-moon "
            data-icon="moon"
            data-prefix="fas"
            focusable="false"
            role="img"
            viewBox="0 0 384 512"
            xmlns="http://www.w3.org/2000/svg"
          >
            <path
              d="M223.5 32C100 32 0 132.3 0 256S100 480 223.5 480c60.6 0 115.5-24.2 155.8-63.4c5-4.9 6.3-12.5 3.1-18.7s-10.1-9.7-17-8.5c-9.8 1.7-19.8 2.6-30.1 2.6c-96.9 0-175.5-78.8-175.5-176c0-65.8 36-123.1 89.3-153.3c6.1-3.5 9.2-10.5 7.7-17.3s-7.3-11.9-14.3-12.5c-6.3-.5-12.6-.8-19-.8z"
              fill="currentColor"
            />
          </svg>
           Sunset 
          05:33 AM
        </p>
      </div>
      <div
        class="py-5 px-3 flex flex-col justify-center bg-dark-blue"
      >
        <h3
          class="text-center font-bold"
        >
          Temperature
        </h3>
        <p
          class="text-left text-[0.8rem] font-bold pt-2 pb-0.5"
        >
          <svg
            aria-hidden="true"
            class="svg-inline--fa fa-temperature-low "
            data-icon="temperature-low"
            data-prefix="fas"
            focusable="false"
            role="img"
            viewBox="0 0 512 512"
            xmlns="http://www.w3.org/2000/svg"
          >
            <path
              d="M448 96c0-17.7-14.3-32-32-32s-32 14.3-32 32s14.3 32 32 32s32-14.3 32-32zm64 0c0 53-43 96-96 96s-96-43-96-96s43-96 96-96s96 43 96 96zM144 64c-26.5 0-48 21.5-48 48V276.5c0 17.3-7.1 31.9-15.3 42.5C70.2 332.6 64 349.5 64 368c0 44.2 35.8 80 80 80s80-35.8 80-80c0-18.5-6.2-35.4-16.7-48.9c-8.2-10.6-15.3-25.2-15.3-42.5V112c0-26.5-21.5-48-48-48zM32 112C32 50.2 82.1 0 144 0s112 50.1 112 112V276.5c0 .1 .1 .3 .2 .6c.2 .6 .8 1.6 1.7 2.8c18.9 24.4 30.1 55 30.1 88.1c0 79.5-64.5 144-144 144S0 447.5 0 368c0-33.2 11.2-63.8 30.1-88.1c.9-1.2 1.5-2.2 1.7-2.8c.1-.3 .2-.5 .2-.6V112zM192 368c0 26.5-21.5 48-48 48s-48-21.5-48-48c0-20.9 13.4-38.7 32-45.3V272c0-8.8 7.2-16 16-16s16 7.2 16 16v50.7c18.6 6.6 32 24.4 32 45.3z"
              fill="currentColor"
            />
          </svg>
           Min Temp 
          29.3
           째C
        </p>
        <p
          class="text-left text-[0.8rem] font-bold pt-2 pb-0.5"
        >
          <svg
            aria-hidden="true"
            class="svg-inline--fa fa-temperature-high "
            data-icon="temperature-high"
            data-prefix="fas"
            focusable="false"
            role="img"
            viewBox="0 0 512 512"
            xmlns="http://www.w3.org/2000/svg"
          >
            <path
              d="M416 128c-17.7 0-32-14.3-32-32s14.3-32 32-32s32 14.3 32 32s-14.3 32-32 32zm0 64c53 0 96-43 96-96s-43-96-96-96s-96 43-96 96s43 96 96 96zM96 112c0-26.5 21.5-48 48-48s48 21.5 48 48V276.5c0 17.3 7.1 31.9 15.3 42.5C217.8 332.6 224 349.5 224 368c0 44.2-35.8 80-80 80s-80-35.8-80-80c0-18.5 6.2-35.4 16.7-48.9C88.9 308.4 96 293.8 96 276.5V112zM144 0C82.1 0 32 50.2 32 112V276.5c0 .1-.1 .3-.2 .6c-.2 .6-.8 1.6-1.7 2.8C11.2 304.2 0 334.8 0 368c0 79.5 64.5 144 144 144s144-64.5 144-144c0-33.2-11.3-63.8-30.1-88.1c-.9-1.2-1.5-2.2-1.7-2.8c-.1-.3-.2-.5-.2-.6V112C256 50.2 205.9 0 144 0zm0 416c26.5 0 48-21.5 48-48c0-20.9-13.4-38.7-32-45.3V112c0-8.8-7.2-16-16-16s-16 7.2-16 16V322.7c-18.6 6.6-32 24.4-32 45.3c0 26.5 21.5 48 48 48z"
              fill="currentColor"
            />
          </svg>
           Max Temp 
          29.3
           째C
        </p>
      </div>
      <div
        class="py-5 px-3 flex flex-col justify-center bg-dark-blue"
      >
        <h3
          class="text-center font-bold"
        >
          Wind
        </h3>
        <p
          class="text-left text-[0.8rem] font-bold pt-2 pb-0.5"
        >
          <svg
            aria-hidden="true"
            class="svg-inline--fa fa-compass "
            data-icon="compass"
            data-prefix="fas"
            focusable="false"
            role="img"
            viewBox="0 0 512 512"
            xmlns="http://www.w3.org/2000/svg"
          >
            <path
              d="M256 512c141.4 0 256-114.6 256-256S397.4 0 256 0S0 114.6 0 256S114.6 512 256 512zm50.7-186.9L162.4 380.6c-19.4 7.5-38.5-11.6-31-31l55.5-144.3c3.3-8.5 9.9-15.1 18.4-18.4l144.3-55.5c19.4-7.5 38.5 11.6 31 31L325.1 306.7c-3.2 8.5-9.9 15.1-18.4 18.4zM288 256c0-17.7-14.3-32-32-32s-32 14.3-32 32s14.3 32 32 32s32-14.3 32-32z"
              fill="currentColor"
            />
          </svg>
           Direction 
          -66
          째
        </p>
        <p
          class="text-left text-[0.8rem] font-bold pt-2 pb-0.5"
        >
          <svg
            aria-hidden="true"
            class="svg-inline--fa fa-wind "
            data-icon="wind"
            data-prefix="fas"
            focusable="false"
            role="img"
            viewBox="0 0 512 512"
            xmlns="http://www.w3.org/2000/svg"
          >
            <path
              d="M288 32c0 17.7 14.3 32 32 32h32c17.7 0 32 14.3 32 32s-14.3 32-32 32H32c-17.7 0-32 14.3-32 32s14.3 32 32 32H352c53 0 96-43 96-96s-43-96-96-96H320c-17.7 0-32 14.3-32 32zm64 352c0 17.7 14.3 32 32 32h32c53 0 96-43 96-96s-43-96-96-96H32c-17.7 0-32 14.3-32 32s14.3 32 32 32H416c17.7 0 32 14.3 32 32s-14.3 32-32 32H384c-17.7 0-32 14.3-32 32zM128 512h32c53 0 96-43 96-96s-43-96-96-96H32c-17.7 0-32 14.3-32 32s14.3 32 32 32H160c17.7 0 32 14.3 32 32s-14.3 32-32 32H128c-17.7 0-32 14.3-32 32s14.3 32 32 32z"
              fill="currentColor"
            />
          </svg>
           Gust 
          3.81
           m/s
        </p>
      </div>
      <div
        class="py-5 px-3 flex flex-col justify-center"
      >
        <h3
          class="text-center font-bold"
        >
          Others
        </h3>
        <p
          class="text-left text-[0.8rem] font-bold pt-2 pb-0.5"
        >
          <svg
            aria-hidden="true"
            class="svg-inline--fa fa-eye-slash "
            data-icon="eye-slash"
            data-prefix="fas"
            focusable="false"
            role="img"
            viewBox="0 0 640 512"
            xmlns="http://www.w3.org/2000/svg"
          >
            <path
              d="M38.8 5.1C28.4-3.1 13.3-1.2 5.1 9.2S-1.2 34.7 9.2 42.9l592 464c10.4 8.2 25.5 6.3 33.7-4.1s6.3-25.5-4.1-33.7L525.6 386.7c39.6-40.6 66.4-86.1 79.9-118.4c3.3-7.9 3.3-16.7 0-24.6c-14.9-35.7-46.2-87.7-93-131.1C465.5 68.8 400.8 32 320 32c-68.2 0-125 26.3-169.3 60.8L38.8 5.1zM223.1 149.5C248.6 126.2 282.7 112 320 112c79.5 0 144 64.5 144 144c0 24.9-6.3 48.3-17.4 68.7L408 294.5c5.2-11.8 8-24.8 8-38.5c0-53-43-96-96-96c-2.8 0-5.6 .1-8.4 .4c5.3 9.3 8.4 20.1 8.4 31.6c0 10.2-2.4 19.8-6.6 28.3l-90.3-70.8zm223.1 298L373 389.9c-16.4 6.5-34.3 10.1-53 10.1c-79.5 0-144-64.5-144-144c0-6.9 .5-13.6 1.4-20.2L83.1 161.5C60.3 191.2 44 220.8 34.5 243.7c-3.3 7.9-3.3 16.7 0 24.6c14.9 35.7 46.2 87.7 93 131.1C174.5 443.2 239.2 480 320 480c47.8 0 89.9-12.9 126.2-32.5z"
              fill="currentColor"
            />
          </svg>
           Visibility 
          10
           km
        </p>
        <p
          class="text-left text-[0.8rem] font-bold pt-2 pb-0.5"
        >
          <svg
            aria-hidden="true"
            class="svg-inline--fa fa-smog "
            data-icon="smog"
            data-prefix="fas"
            focusable="false"
            role="img"
            viewBox="0 0 640 512"
            xmlns="http://www.w3.org/2000/svg"
          >
            <path
              d="M32 144c0 79.5 64.5 144 144 144H299.3c22.6 19.9 52.2 32 84.7 32s62.1-12.1 84.7-32H496c61.9 0 112-50.1 112-112s-50.1-112-112-112c-10.7 0-21 1.5-30.8 4.3C443.8 27.7 401.1 0 352 0c-32.6 0-62.4 12.2-85.1 32.3C242.1 12.1 210.5 0 176 0C96.5 0 32 64.5 32 144zM616 368H280c-13.3 0-24 10.7-24 24s10.7 24 24 24H616c13.3 0 24-10.7 24-24s-10.7-24-24-24zm-64 96H440c-13.3 0-24 10.7-24 24s10.7 24 24 24H552c13.3 0 24-10.7 24-24s-10.7-24-24-24zm-192 0H24c-13.3 0-24 10.7-24 24s10.7 24 24 24H360c13.3 0 24-10.7 24-24s-10.7-24-24-24zM224 392c0-13.3-10.7-24-24-24H96c-13.3 0-24 10.7-24 24s10.7 24 24 24H200c13.3 0 24-10.7 24-24z"
              fill="currentColor"
            />
          </svg>
           Pressure 
          14.6
           Psi
        </p>
      </div>
    </section>
  </div>,
  "debug": [Function],
  "findAllByAltText": [Function],
  "findAllByDisplayValue": [Function],
  "findAllByLabelText": [Function],
  "findAllByPlaceholderText": [Function],
  "findAllByRole": [Function],
  "findAllByTestId": [Function],
  "findAllByText": [Function],
  "findAllByTitle": [Function],
  "findByAltText": [Function],
  "findByDisplayValue": [Function],
  "findByLabelText": [Function],
  "findByPlaceholderText": [Function],
  "findByRole": [Function],
  "findByTestId": [Function],
  "findByText": [Function],
  "findByTitle": [Function],
  "getAllByAltText": [Function],
  "getAllByDisplayValue": [Function],
  "getAllByLabelText": [Function],
  "getAllByPlaceholderText": [Function],
  "getAllByRole": [Function],
  "getAllByTestId": [Function],
  "getAllByText": [Function],
  "getAllByTitle": [Function],
  "getByAltText": [Function],
  "getByDisplayValue": [Function],
  "getByLabelText": [Function],
  "getByPlaceholderText": [Function],
  "getByRole": [Function],
  "getByTestId": [Function],
  "getByText": [Function],
  "getByTitle": [Function],
  "queryAllByAltText": [Function],
  "queryAllByDisplayValue": [Function],
  "queryAllByLabelText": [Function],
  "queryAllByPlaceholderText": [Function],
  "queryAllByRole": [Function],
  "queryAllByTestId": [Function],
  "queryAllByText": [Function],
  "queryAllByTitle": [Function],
  "queryByAltText": [Function],
  "queryByDisplayValue": [Function],
  "queryByLabelText": [Function],
  "queryByPlaceholderText": [Function],
  "queryByRole": [Function],
  "queryByTestId": [Function],
  "queryByText": [Function],
  "queryByTitle": [Function],
  "rerender": [Function],
  "unmount": [Function],
}
`;
